// Jest Snapshot v1, https://jestjs.io/docs/snapshot-testing

exports[`App Snapshot Tests Home Page should match snapshot for home page 1`] = `
<div>
  <main
    class="max-w-3xl mx-auto p-4"
    role="main"
  >
    <header>
      <h1
        class="text-3xl font-bold mb-4 text-gray-900 dark:text-white"
      >
        <span
          aria-label="globe"
          role="img"
        >
          üåç
        </span>
         Travel Planner
      </h1>
      <p
        class="text-gray-600 dark:text-gray-300 mb-6"
      >
        Search for any city to get weather information, country details, and nearby places to visit.
      </p>
    </header>
    <div
      class="mb-6"
    >
      <div
        class="space-y-3"
      >
        <div
          class="h-12 bg-gray-200 dark:bg-gray-700 rounded-lg animate-pulse"
        />
        <div
          class="h-12 bg-blue-600 rounded-lg animate-pulse"
        />
      </div>
    </div>
  </main>
</div>
`;
